
> archfolio-app@0.1.0 build
> next build

Γû▓ Next.js 16.1.6 (Turbopack)
- Environments: .env

node.exe : ΓÜá The "middleware" 
file convention is deprecated. 
Please use "proxy" instead. Learn 
more: https://nextjs.org/docs/messag
es/middleware-to-proxy
At line:1 char:1
+ & "C:\Program 
Files\nodejs/node.exe" "C:\Program 
Files\nodejs/node_mo ...
+ ~~~~~~~~~~~~~~~~~~~~~~~~~~~~~~~~~~
~~~~~~~~~~~~~~~~~~~~~~~~~~~~~~~~~~~
    + CategoryInfo          : 
NotSpe    cified: (ΓÜá The 
"middle...lewar    
e-to-proxy:String) [], RemoteExc    
eption
    + FullyQualifiedErrorId : 
Native    CommandError
 
  Creating an optimized production build ...

> Build error occurred
Error: Turbopack build failed with 
1 errors:
./src/app/[locale]/admin/layers/page
.tsx:5:1
Module not found: Can't resolve 
'../AdminLayout'
[0m [90m 3 |[39m 
[36mimport[39m { authOptions } 
[36mfrom[39m 
[32m'@/lib/auth'[39m[33m;[39m
 [90m 4 |[39m [36mimport[39m { 
prisma } [36mfrom[39m 
[32m'@/lib/prisma'[39m[33m;[39m
[31m[1m>[22m[39m[90m 5 |[39m 
[36mimport[39m 
[33mAdminLayout[39m 
[36mfrom[39m [32m'../AdminLayout'
[39m[33m;[39m
 [90m   |[39m [31m[1m^[22m[39m
[31m[1m^[22m[39m[31m[1m^[22m
[39m[31m[1m^[22m[39m[31m[1m^[
22m[39m[31m[1m^[22m[39m[31m[1
m^[22m[39m[31m[1m^[22m[39m[31
m[1m^[22m[39m[31m[1m^[22m[39m
[31m[1m^[22m[39m[31m[1m^[22m
[39m[31m[1m^[22m[39m[31m[1m^[
22m[39m[31m[1m^[22m[39m[31m[1
m^[22m[39m[31m[1m^[22m[39m[31
m[1m^[22m[39m[31m[1m^[22m[39m
[31m[1m^[22m[39m[31m[1m^[22m
[39m[31m[1m^[22m[39m[31m[1m^[
22m[39m[31m[1m^[22m[39m[31m[1
m^[22m[39m[31m[1m^[22m[39m[31
m[1m^[22m[39m[31m[1m^[22m[39m
[31m[1m^[22m[39m[31m[1m^[22m
[39m[31m[1m^[22m[39m[31m[1m^[
22m[39m[31m[1m^[22m[39m[31m[1
m^[22m[39m[31m[1m^[22m[39m[31
m[1m^[22m[39m[31m[1m^[22m[39m
[31m[1m^[22m[39m[31m[1m^[22m
[39m[31m[1m^[22m[39m[31m[1m^[
22m[39m
 [90m 6 |[39m [36mimport[39m 
[33mLink[39m [36mfrom[39m 
[32m'next/link'[39m[33m;[39m
 [90m 7 |[39m [36mimport[39m 
[33mLayersClient[39m 
[36mfrom[39m [32m'./LayersClient'
[39m[33m;[39m
 [90m 8 |[39m [36mimport[39m { 
getTranslations } [36mfrom[39m [3
2m'next-intl/server'[39m[33m;[39m
[0m



https://nextjs.org/docs/messages/mod
ule-not-found


    at <unknown> (./src/app/[locale]
/admin/layers/page.tsx:5:1)
    at <unknown> (https://nextjs.org
/docs/messages/module-not-found)
